
> autoreview-ai@0.1.0 build
> next build

▲ Next.js 16.1.4 (Turbopack)
- Environments: .env.local, .env

  Creating an optimized production build ...
✓ Compiled successfully in 8.9s
  Running TypeScript ...
Failed to compile.

./src/lib/platformIntegrations.ts:413:9
Type error: Type 'boolean' is not assignable to type '{ success: boolean; error?: string | undefined; }'.

[0m [90m 411 |[39m         
 [90m 412 |[39m         localStorage[33m.[39msetItem([36mthis[39m[33m.[39m[33mSTORAGE_KEY[39m[33m,[39m [33mJSON[39m[33m.[39mstringify(platforms))
[31m[1m>[22m[39m[90m 413 |[39m         [36mreturn[39m [36mtrue[39m
 [90m     |[39m         [31m[1m^[22m[39m
 [90m 414 |[39m       }
 [90m 415 |[39m     } [36mcatch[39m (error) {
 [90m 416 |[39m       console[33m.[39merror([32m'Error saving platform:'[39m[33m,[39m error)[0m
Next.js build worker exited with code: 1 and signal: null
